// Jest Snapshot v1, https://goo.gl/fbAQLP

exports[`should get correct css tree 1`] = `
".header {
	.tabs {
	}
}
.content {
	.sidebar {
	}
}
.footer {
}"
`;
